should set optional values:
  1: |
    apiVersion: apps/v1
    kind: Deployment
    metadata:
      labels:
        app.kubernetes.io/instance: RELEASE-NAME
        app.kubernetes.io/managed-by: Helm
        app.kubernetes.io/name: twingate-operator
        app.kubernetes.io/version: latest
        helm.sh/chart: twingate-operator-0.1.13
      name: RELEASE-NAME-twingate-operator
      namespace: NAMESPACE
    spec:
      replicas: 1
      selector:
        matchLabels:
          app.kubernetes.io/instance: RELEASE-NAME
          app.kubernetes.io/name: twingate-operator
      strategy:
        type: Recreate
      template:
        metadata:
          annotations:
            foo: bar
          labels:
            app.kubernetes.io/instance: RELEASE-NAME
            app.kubernetes.io/name: twingate-operator
            foo: bar
        spec:
          affinity:
            foo: bar
          containers:
            - command:
                - kopf
                - run
                - ./main.py
                - -A
                - --standalone
                - --liveness=http://0.0.0.0:8080/healthz
                - --log-format=plain
                - --verbose
              env:
                - name: TWINGATE_API_KEY
                  valueFrom:
                    secretKeyRef:
                      key: TWINGATE_API_KEY
                      name: RELEASE-NAME-twingate-operator
                - name: TWINGATE_NETWORK
                  value: <network slug>
                - name: TWINGATE_HOST
                  value: twingate.com
                - name: TWINGATE_DEFAULT_RESOURCE_TAGS
                  value: '{"cluster":"test-cluster","owner":"eran"}'
                - name: TWINGATE_REMOTE_NETWORK_ID
                  value: <remote network id>
                - name: FOO
                  value: bar
              image: twingate/kubernetes-operator:latest
              imagePullPolicy: IfNotPresent
              livenessProbe:
                httpGet:
                  path: /healthz
                  port: 8080
              name: twingate-operator
              readinessProbe:
                httpGet:
                  path: /healthz
                  port: 8080
              resources:
                limits:
                  cpu: 100m
                  memory: 128Mi
                requests:
                  cpu: 100m
                  memory: 128Mi
              securityContext:
                allowPrivilegeEscalation: false
                capabilities:
                  drop:
                    - ALL
                readOnlyRootFilesystem: true
                runAsNonRoot: true
                runAsUser: 1000
          imagePullSecrets:
            - name: my-pull-secret
          nodeSelector:
            foo: bar
          priorityClassName: myPriorityClass
          securityContext:
            seccompProfile:
              type: RuntimeDefault
          serviceAccountName: RELEASE-NAME-twingate-operator
          tolerations:
            - foo: bar
